<html>
<body>
<pre>
<h1>µVision Build Log</h1>
<h2>Project:</h2>
G:\lyd\GL696\GIT\GLFW\Firmware-V4\GL696.uvproj
Project File Date:  08/05/2018

<h2>Output:</h2>
Load "G:\\lyd\\GL696\\GIT\\GLFW\\Firmware-V4\\STM32F10X_XL\\STM32F10X_XL.axf" 
Set JLink Project File to "G:\lyd\GL696\GIT\GLFW\Firmware-V4\JLinkSettings.ini"
* JLink Info: Device "STM32F103VB" selected (128 KB flash, 20 KB RAM).
 
JLink info:
------------
DLL: V4.82 , compiled Mar 10 2014 19:07:45
Firmware: J-Link V9 compiled Mar 10 2017 19:41:40
Hardware: V9.20
S/N : 29999997 
Feature(s) : GDB, RDI, FlashBP, FlashDL, JFlash, RDDI 
 
* JLink Info: Found SWD-DP with ID 0x1BA01477
* JLink Info: Found SWD-DP with ID 0x1BA01477
* JLink Info: Found Cortex-M3 r1p1, Little endian.
* JLink Info: FPUnit: 6 code (BP) slots and 2 literal slots
* JLink Info: TPIU fitted.
ROMTableAddr = 0xE00FF003
 
Target info:
------------
Device: STM32F103VB
VTarget = 3.348V
State of Pins: 
TCK: 0, TDI: 0, TDO: 0, TMS: 1, TRES: 1, TRST: 1
Hardware-Breakpoints: 6
Software-Breakpoints: 8192
Watchpoints:          4
JTAG speed: 2000 kHz
 
Erase Done.
Programming Done.
Verify OK.
Application running ...
Build target 'STM32F10X_XL'
compiling main.c...
app\main.c(306): warning:  #177-D: variable "i" was declared but never referenced
linking...
Program Size: Code=28244 RO-data=1236 RW-data=500 ZI-data=15868  
".\STM32F10X_XL\STM32F10X_XL.axf" - 0 Errors, 1 Warning(s).
Load "G:\\lyd\\GL696\\GIT\\GLFW\\Firmware-V4\\STM32F10X_XL\\STM32F10X_XL.axf" 
Set JLink Project File to "G:\lyd\GL696\GIT\GLFW\Firmware-V4\JLinkSettings.ini"
* JLink Info: Device "STM32F103VB" selected (128 KB flash, 20 KB RAM).
 
JLink info:
------------
DLL: V4.82 , compiled Mar 10 2014 19:07:45
Firmware: J-Link V9 compiled Mar 10 2017 19:41:40
Hardware: V9.20
S/N : 29999997 
Feature(s) : GDB, RDI, FlashBP, FlashDL, JFlash, RDDI 
 
* JLink Info: Found SWD-DP with ID 0x1BA01477
* JLink Info: Found SWD-DP with ID 0x1BA01477
* JLink Info: Found Cortex-M3 r1p1, Little endian.
* JLink Info: FPUnit: 6 code (BP) slots and 2 literal slots
* JLink Info: TPIU fitted.
ROMTableAddr = 0xE00FF003
 
Target info:
------------
Device: STM32F103VB
VTarget = 3.349V
State of Pins: 
TCK: 0, TDI: 0, TDO: 0, TMS: 1, TRES: 1, TRST: 0
Hardware-Breakpoints: 6
Software-Breakpoints: 8192
Watchpoints:          4
JTAG speed: 2000 kHz
 
Erase Done.
Programming Done.
Verify OK.
Application running ...
